// Jest Snapshot v1, https://goo.gl/fbAQLP

exports[`Button Button renders correctly 1`] = `
<div>
  <a
    class="py-4 px-5 text-[14px] tracking-[2px] uppercase cursor-pointer"
    href="/"
  >
    VIEW PROJECT
  </a>
</div>
`;
